2026-08-14 18:28:49,375:DEBUG:certbot._internal.main:certbot version: 5.6.0
2026-08-14 18:28:49,375:DEBUG:certbot._internal.main:Location of certbot entry point: /opt/certbot/bin/certbot
2026-08-14 18:28:49,375:DEBUG:certbot._internal.main:Arguments: ['-n', '--config', '/etc/letsencrypt.ini', '--work-dir', '/tmp/letsencrypt-lib', '--logs-dir', '/data/logs', '--cert-name', 'npm-7', '--agree-tos', '-m', 'a0920515670@gmail.com', '--preferred-challenges', 'dns', '--domains', 'huanglong-honey.duckdns.org', '--authenticator', 'dns-duckdns', '--dns-duckdns-credentials', '/etc/letsencrypt/credentials/credentials-7', '--dns-duckdns-propagation-seconds', '120', '--dns-duckdns-no-txt-restore']
2026-08-14 18:28:49,375:DEBUG:certbot._internal.main:Discovered plugins: PluginsRegistry(PluginEntryPoint#dns-duckdns,PluginEntryPoint#manual,PluginEntryPoint#null,PluginEntryPoint#standalone,PluginEntryPoint#webroot)
2026-08-14 18:28:49,765:DEBUG:certbot._internal.log:Root logging level set at 30
2026-08-14 18:28:49,775:DEBUG:certbot._internal.plugins.selection:Requested authenticator dns-duckdns and installer None
2026-08-14 18:28:49,775:DEBUG:certbot._internal.plugins.selection:Single candidate plugin: * dns-duckdns
Description: Obtain certificates using a DNS TXT record for DuckDNS domains
Interfaces: Authenticator, Plugin
Entry point: EntryPoint(name='dns-duckdns', value='certbot_dns_duckdns.cert.client:Authenticator', group='certbot.plugins')
Initialized: <certbot_dns_duckdns.cert.client.Authenticator object at 0x7b8e34777cb0>
Prep: True
2026-08-14 18:28:49,776:DEBUG:certbot._internal.plugins.selection:Selected authenticator <certbot_dns_duckdns.cert.client.Authenticator object at 0x7b8e34777cb0> and installer None
2026-08-14 18:28:49,776:INFO:certbot._internal.plugins.selection:Plugins selected: Authenticator dns-duckdns, Installer None
2026-08-14 18:28:49,832:DEBUG:certbot._internal.main:Picked account: <Account(RegistrationResource(body=Registration(key=None, contact=(), agreement=None, status=None, terms_of_service_agreed=None, only_return_existing=None, external_account_binding=None), uri='https://acme-v02.api.letsencrypt.org/acme/acct/3631746321', new_authzr_uri=None, terms_of_service=None), 60da17d48a00fda8f3d65e2509a958d9, Meta(creation_dt=datetime.datetime(2026, 8, 14, 18, 26, 34, tzinfo=datetime.timezone.utc), creation_host='2726128c1223', register_to_eff=None))>
2026-08-14 18:28:49,833:DEBUG:acme.client:Sending GET request to https://acme-v02.api.letsencrypt.org/directory.
2026-08-14 18:28:50,454:DEBUG:acme.client:Received response:
HTTP 200
Server: nginx
Date: Fri, 14 Aug 2026 18:28:52 GMT
Content-Type: application/json
Content-Length: 961
Connection: keep-alive
Cache-Control: public, max-age=0, no-cache
X-Frame-Options: DENY
Strict-Transport-Security: max-age=604800

{
  "eVA6KhB0gQg": "https://community.letsencrypt.org/t/adding-random-entries-to-the-directory/33417",
  "keyChange": "https://acme-v02.api.letsencrypt.org/acme/key-change",
  "meta": {
    "caaIdentities": [
      "letsencrypt.org"
    ],
    "profiles": {
      "classic": "https://letsencrypt.org/docs/profiles#classic",
      "shortlived": "https://letsencrypt.org/docs/profiles#shortlived",
      "tlsserver": "https://letsencrypt.org/docs/profiles#tlsserver"
    },
    "termsOfService": "https://letsencrypt.org/documents/LE-SA-v1.8-July-06-2026.pdf",
    "website": "https://letsencrypt.org"
  },
  "newAccount": "https://acme-v02.api.letsencrypt.org/acme/new-acct",
  "newNonce": "https://acme-v02.api.letsencrypt.org/acme/new-nonce",
  "newOrder": "https://acme-v02.api.letsencrypt.org/acme/new-order",
  "renewalInfo": "https://acme-v02.api.letsencrypt.org/acme/renewal-info",
  "revokeCert": "https://acme-v02.api.letsencrypt.org/acme/revoke-cert"
}
2026-08-14 18:28:50,463:DEBUG:certbot._internal.display.obj:Notifying user: Requesting a certificate for huanglong-honey.duckdns.org
2026-08-14 18:28:50,465:DEBUG:acme.client:Requesting fresh nonce
2026-08-14 18:28:50,470:DEBUG:acme.client:Sending HEAD request to https://acme-v02.api.letsencrypt.org/acme/new-nonce.
2026-08-14 18:28:50,707:DEBUG:acme.client:Received response:
HTTP 200
Server: nginx
Date: Fri, 14 Aug 2026 18:28:53 GMT
Connection: keep-alive
Cache-Control: public, max-age=0, no-cache
Link: <https://acme-v02.api.letsencrypt.org/directory>;rel="index"
Replay-Nonce: PRwBu2HXccpMU2oNHEcB6xMsUoYFpEzMbUdFfcGd4jhpgOd92Do
X-Frame-Options: DENY
Strict-Transport-Security: max-age=604800


2026-08-14 18:28:50,708:DEBUG:acme.client:Storing nonce: PRwBu2HXccpMU2oNHEcB6xMsUoYFpEzMbUdFfcGd4jhpgOd92Do
2026-08-14 18:28:50,708:DEBUG:acme.client:JWS payload:
b'{\n  "identifiers": [\n    {\n      "type": "dns",\n      "value": "huanglong-honey.duckdns.org"\n    }\n  ]\n}'
2026-08-14 18:28:50,710:DEBUG:acme.client:Sending POST request to https://acme-v02.api.letsencrypt.org/acme/new-order:
{
  "protected": "eyJhbGciOiAiUlMyNTYiLCAia2lkIjogImh0dHBzOi8vYWNtZS12MDIuYXBpLmxldHNlbmNyeXB0Lm9yZy9hY21lL2FjY3QvMzYzMTc0NjMyMSIsICJub25jZSI6ICJQUndCdTJIWGNjcE1VMm9OSEVjQjZ4TXNVb1lGcEV6TWJVZEZmY0dkNGpocGdPZDkyRG8iLCAidXJsIjogImh0dHBzOi8vYWNtZS12MDIuYXBpLmxldHNlbmNyeXB0Lm9yZy9hY21lL25ldy1vcmRlciJ9",
  "signature": "t2gLGXdMcwCgeWITMweCmsYNb3m8w6D6_dqDwPavy7h0PUHYqdvFZlg3BY1uxXvosfUPAO_b-4hKEpO36WkKheA0FJ7pjPJtbGj-knJFE1UnzaQ-_IatfHxvjm6a0UpqCpzc7JYlqK3EQIV7MVoArX0V0pGcWP5_UoPc6lMfMhJPqFB9LzVzGRgiIa9Z3zwizE9f3I5ZpZ6A42roZ4C8eJVi8PWtV0SRDYl_k-3EL-xFS8i8NRfU781jRe7FU3GW1la2JsCKnL2oS_P4lCI3aYt1tM1xJR8Qsu8Et32i5ihjZkNcw3eGM_bW404Pqrjyvx24Spq6aChAv0ozmK5DRQ",
  "payload": "ewogICJpZGVudGlmaWVycyI6IFsKICAgIHsKICAgICAgInR5cGUiOiAiZG5zIiwKICAgICAgInZhbHVlIjogImh1YW5nbG9uZy1ob25leS5kdWNrZG5zLm9yZyIKICAgIH0KICBdCn0"
}
2026-08-14 18:28:50,971:DEBUG:acme.client:Received response:
HTTP 201
Server: nginx
Date: Fri, 14 Aug 2026 18:28:53 GMT
Content-Type: application/json
Content-Length: 359
Connection: keep-alive
Boulder-Requester: 3631746321
Cache-Control: public, max-age=0, no-cache
Link: <https://acme-v02.api.letsencrypt.org/directory>;rel="index"
Location: https://acme-v02.api.letsencrypt.org/acme/order/3631746321/544971300451
Replay-Nonce: PRwBu2HXtfCkDVxOJMRqPQ1RI88TC0pzkWW2W-23DNFMxKgK7dE
X-Frame-Options: DENY
Strict-Transport-Security: max-age=604800

{
  "status": "ready",
  "expires": "2026-08-21T18:28:53Z",
  "identifiers": [
    {
      "type": "dns",
      "value": "huanglong-honey.duckdns.org"
    }
  ],
  "authorizations": [
    "https://acme-v02.api.letsencrypt.org/acme/authz/3631746321/759613179331"
  ],
  "finalize": "https://acme-v02.api.letsencrypt.org/acme/finalize/3631746321/544971300451"
}
2026-08-14 18:28:50,971:DEBUG:acme.client:Storing nonce: PRwBu2HXtfCkDVxOJMRqPQ1RI88TC0pzkWW2W-23DNFMxKgK7dE
2026-08-14 18:28:50,971:DEBUG:acme.client:JWS payload:
b''
2026-08-14 18:28:50,972:DEBUG:acme.client:Sending POST request to https://acme-v02.api.letsencrypt.org/acme/authz/3631746321/759613179331:
{
  "protected": "eyJhbGciOiAiUlMyNTYiLCAia2lkIjogImh0dHBzOi8vYWNtZS12MDIuYXBpLmxldHNlbmNyeXB0Lm9yZy9hY21lL2FjY3QvMzYzMTc0NjMyMSIsICJub25jZSI6ICJQUndCdTJIWHRmQ2tEVnhPSk1ScVBRMVJJODhUQzBwemtXVzJXLTIzRE5GTXhLZ0s3ZEUiLCAidXJsIjogImh0dHBzOi8vYWNtZS12MDIuYXBpLmxldHNlbmNyeXB0Lm9yZy9hY21lL2F1dGh6LzM2MzE3NDYzMjEvNzU5NjEzMTc5MzMxIn0",
  "signature": "D0oQ_UltLkJsGSmK1RuxdLSI8Vk9ESg_cwDLZpx3cOgAVGcXvTuyIvm1wA0McChic_3gWSMavv98o_B8b8aavtG60hpDchiDEmmPvt0lRRGsITOwfJgkb3UPHaQtg9sBZn9-jlfjmIsvalF4MbLyZ9SkavikJ7Cvh7mzk8JRKMQOOejOU8hUlAC2WDBaRbhCeWTuyFvaYJNXtB2rb4SasU5q3sdB2QO1lilRW8dAsnQL9jZm05ocjUUbvDnN10172QFrhac9_ekf27933-dzFLA_exkadm9Sec7UGjw9mm10ANd9ehPvKZaEcHH3maMKBg13cMHskO0JECa6XNRxxQ",
  "payload": ""
}
2026-08-14 18:28:51,211:DEBUG:acme.client:Received response:
HTTP 200
Server: nginx
Date: Fri, 14 Aug 2026 18:28:53 GMT
Content-Type: application/json
Content-Length: 566
Connection: keep-alive
Boulder-Requester: 3631746321
Cache-Control: public, max-age=0, no-cache
Link: <https://acme-v02.api.letsencrypt.org/directory>;rel="index"
Replay-Nonce: PRwBu2HXREUMXRIUDza3Vr2FSgo4dO3RkZBIlCqYMSTD_GgUeKU
X-Frame-Options: DENY
Strict-Transport-Security: max-age=604800

{
  "identifier": {
    "type": "dns",
    "value": "huanglong-honey.duckdns.org"
  },
  "status": "valid",
  "expires": "2026-09-13T18:27:10Z",
  "challenges": [
    {
      "type": "dns-01",
      "url": "https://acme-v02.api.letsencrypt.org/acme/chall/3631746321/759613179331/SRnNZQ",
      "status": "valid",
      "validated": "2026-08-14T18:27:09Z",
      "token": "YEopxPZEQgukWv1KWT8Hg-EL4ep97Blx6mc5QHuVFrw",
      "validationRecord": [
        {
          "hostname": "huanglong-honey.duckdns.org",
          "addressUsed": ""
        }
      ]
    }
  ]
}
2026-08-14 18:28:51,211:DEBUG:acme.client:Storing nonce: PRwBu2HXREUMXRIUDza3Vr2FSgo4dO3RkZBIlCqYMSTD_GgUeKU
2026-08-14 18:28:51,211:DEBUG:certbot._internal.client:CSR: CSR(file=None, data=b'-----BEGIN CERTIFICATE REQUEST-----\nMIIBMjCBuAIBADAAMHYwEAYHKoZIzj0CAQYFK4EEACIDYgAEU19+PnI7jYwtfxzh\ncjBJxLWeGAMdx4XW4ExEebhNSXIUA+B3e3CX18dNUdQv7D6zveMGWScqycBEUKci\ngIAvEPOVKon5i0z+OnGfRYwxYE107meFDg5kfjKebgPV0TO5oDkwNwYJKoZIhvcN\nAQkOMSowKDAmBgNVHREEHzAdghtodWFuZ2xvbmctaG9uZXkuZHVja2Rucy5vcmcw\nCgYIKoZIzj0EAwIDaQAwZgIxAITJk+ZWGB8DM8W6fS6hyPY7ifkM70u1V/UesfRW\nPwhMk0sXG0R5PbIj6vIhwRL7kQIxAJHg2NY6K8WqrUHcE/WhxKtwdizAID4u4a+r\nbhCg1YPYD747WnqYUkcj7VDnpwulMw==\n-----END CERTIFICATE REQUEST-----\n', form='pem')
2026-08-14 18:28:51,212:DEBUG:certbot._internal.client:Will poll for certificate issuance until 2026-08-14 18:30:21.212210
2026-08-14 18:28:51,212:DEBUG:acme.client:JWS payload:
b'{\n  "csr": "MIIBMjCBuAIBADAAMHYwEAYHKoZIzj0CAQYFK4EEACIDYgAEU19-PnI7jYwtfxzhcjBJxLWeGAMdx4XW4ExEebhNSXIUA-B3e3CX18dNUdQv7D6zveMGWScqycBEUKcigIAvEPOVKon5i0z-OnGfRYwxYE107meFDg5kfjKebgPV0TO5oDkwNwYJKoZIhvcNAQkOMSowKDAmBgNVHREEHzAdghtodWFuZ2xvbmctaG9uZXkuZHVja2Rucy5vcmcwCgYIKoZIzj0EAwIDaQAwZgIxAITJk-ZWGB8DM8W6fS6hyPY7ifkM70u1V_UesfRWPwhMk0sXG0R5PbIj6vIhwRL7kQIxAJHg2NY6K8WqrUHcE_WhxKtwdizAID4u4a-rbhCg1YPYD747WnqYUkcj7VDnpwulMw"\n}'
2026-08-14 18:28:51,213:DEBUG:acme.client:Sending POST request to https://acme-v02.api.letsencrypt.org/acme/finalize/3631746321/544971300451:
{
  "protected": "eyJhbGciOiAiUlMyNTYiLCAia2lkIjogImh0dHBzOi8vYWNtZS12MDIuYXBpLmxldHNlbmNyeXB0Lm9yZy9hY21lL2FjY3QvMzYzMTc0NjMyMSIsICJub25jZSI6ICJQUndCdTJIWFJFVU1YUklVRHphM1ZyMkZTZ280ZE8zUmtaQklsQ3FZTVNURF9HZ1VlS1UiLCAidXJsIjogImh0dHBzOi8vYWNtZS12MDIuYXBpLmxldHNlbmNyeXB0Lm9yZy9hY21lL2ZpbmFsaXplLzM2MzE3NDYzMjEvNTQ0OTcxMzAwNDUxIn0",
  "signature": "uaTO9v98BxABTMoJNeByI9kG1dCI2OQreNjqdohxOkSTUmOIuexk8ymXHb4rjqk0rn6TSu1FNcYrQ-h55WdmX3GKeit1wpD1KMAkmnOW_bBr-48mrF4zcwZq_lUWI0jw1pf--lpVNFplW-uA1CayOTtZGoJNNaLQy4_rjj4mdannm8KtI65RWH3IWfjurXLZY-Y9Dj49DzgiRGqoXUROkYoYFLHX7oPFjy33SCzr4pWBn0R6KqIYHUafpWl0t96Jf_RavVeRkPrpI8xMT_8gndW0mi7oUN1mUdpg1aar1eTYOzrY2lFwOo_XeI9Pnhg3znF3Cm9i0k91UwJiEr2luQ",
  "payload": "ewogICJjc3IiOiAiTUlJQk1qQ0J1QUlCQURBQU1IWXdFQVlIS29aSXpqMENBUVlGSzRFRUFDSURZZ0FFVTE5LVBuSTdqWXd0Znh6aGNqQkp4TFdlR0FNZHg0WFc0RXhFZWJoTlNYSVVBLUIzZTNDWDE4ZE5VZFF2N0Q2enZlTUdXU2NxeWNCRVVLY2lnSUF2RVBPVktvbjVpMHotT25HZlJZd3hZRTEwN21lRkRnNWtmaktlYmdQVjBUTzVvRGt3TndZSktvWklodmNOQVFrT01Tb3dLREFtQmdOVkhSRUVIekFkZ2h0b2RXRnVaMnh2Ym1jdGFHOXVaWGt1WkhWamEyUnVjeTV2Y21jd0NnWUlLb1pJemowRUF3SURhUUF3WmdJeEFJVEprLVpXR0I4RE04VzZmUzZoeVBZN2lma003MHUxVl9VZXNmUldQd2hNazBzWEcwUjVQYklqNnZJaHdSTDdrUUl4QUpIZzJOWTZLOFdxclVIY0VfV2h4S3R3ZGl6QUlENHU0YS1yYmhDZzFZUFlENzQ3V25xWVVrY2o3VkRucHd1bE13Igp9"
}
2026-08-14 18:28:51,691:DEBUG:acme.client:Received response:
HTTP 200
Server: nginx
Date: Fri, 14 Aug 2026 18:28:54 GMT
Content-Type: application/json
Content-Length: 463
Connection: keep-alive
Boulder-Requester: 3631746321
Cache-Control: public, max-age=0, no-cache
Link: <https://acme-v02.api.letsencrypt.org/directory>;rel="index"
Location: https://acme-v02.api.letsencrypt.org/acme/order/3631746321/544971300451
Replay-Nonce: PRwBu2HXv70lj_0S-eG0mGQ0S3VivIRAF3K_kLaUSC7-hdFNypo
X-Frame-Options: DENY
Strict-Transport-Security: max-age=604800

{
  "status": "valid",
  "expires": "2026-08-21T18:28:53Z",
  "identifiers": [
    {
      "type": "dns",
      "value": "huanglong-honey.duckdns.org"
    }
  ],
  "authorizations": [
    "https://acme-v02.api.letsencrypt.org/acme/authz/3631746321/759613179331"
  ],
  "finalize": "https://acme-v02.api.letsencrypt.org/acme/finalize/3631746321/544971300451",
  "certificate": "https://acme-v02.api.letsencrypt.org/acme/cert/06d67591070c5e41d6ca0d06dbc2cbd09ffa"
}
2026-08-14 18:28:51,693:DEBUG:acme.client:Storing nonce: PRwBu2HXv70lj_0S-eG0mGQ0S3VivIRAF3K_kLaUSC7-hdFNypo
2026-08-14 18:28:52,692:DEBUG:acme.client:JWS payload:
b''
2026-08-14 18:28:52,694:DEBUG:acme.client:Sending POST request to https://acme-v02.api.letsencrypt.org/acme/order/3631746321/544971300451:
{
  "protected": "eyJhbGciOiAiUlMyNTYiLCAia2lkIjogImh0dHBzOi8vYWNtZS12MDIuYXBpLmxldHNlbmNyeXB0Lm9yZy9hY21lL2FjY3QvMzYzMTc0NjMyMSIsICJub25jZSI6ICJQUndCdTJIWHY3MGxqXzBTLWVHMG1HUTBTM1ZpdklSQUYzS19rTGFVU0M3LWhkRk55cG8iLCAidXJsIjogImh0dHBzOi8vYWNtZS12MDIuYXBpLmxldHNlbmNyeXB0Lm9yZy9hY21lL29yZGVyLzM2MzE3NDYzMjEvNTQ0OTcxMzAwNDUxIn0",
  "signature": "YD1tFxsGpn4eDkAPjpcgi2gaAZNEKQrgcBnLV9PjlIGZ4CZnanjcHnCVtWfhwDZi1ohI1RAj9jz8GD_aPztlJR-Ea6Ac9zREmfAjvuB_xF_kY3ulS4u4hb6uDu3zk8ejJQgcdtDvgqYjOlFotpD5ncqnLFC3azyMFU236bLpXO5OVkL5Syq_PkciuwcH1ItibgMJD4NSPx4ycKSIp9JHN-1TWh8vpz7pO5Eu3jvcJ78OSSwD_6KpCwsIEE5iXLbZoJeK3_fd-YflMUMTxdqlQsd3h2E9BW9--GYVfZmVOK5UW1AJ8-MQyI6_vdVHTqQygp4ELdag2xMOosr0rGsupw",
  "payload": ""
}
2026-08-14 18:28:52,979:DEBUG:acme.client:Received response:
HTTP 200
Server: nginx
Date: Fri, 14 Aug 2026 18:28:55 GMT
Content-Type: application/json
Content-Length: 463
Connection: keep-alive
Cache-Control: public, max-age=0, no-cache
Link: <https://acme-v02.api.letsencrypt.org/directory>;rel="index"
Location: https://acme-v02.api.letsencrypt.org/acme/order/3631746321/544971300451
Replay-Nonce: PRwBu2HXAwYBCSq_avim3MxoZ6h_h-Q7WiCkIHTxtH_yVP1kwZg
X-Frame-Options: DENY
Strict-Transport-Security: max-age=604800

{
  "status": "valid",
  "expires": "2026-08-21T18:28:53Z",
  "identifiers": [
    {
      "type": "dns",
      "value": "huanglong-honey.duckdns.org"
    }
  ],
  "authorizations": [
    "https://acme-v02.api.letsencrypt.org/acme/authz/3631746321/759613179331"
  ],
  "finalize": "https://acme-v02.api.letsencrypt.org/acme/finalize/3631746321/544971300451",
  "certificate": "https://acme-v02.api.letsencrypt.org/acme/cert/06d67591070c5e41d6ca0d06dbc2cbd09ffa"
}
2026-08-14 18:28:52,979:DEBUG:acme.client:Storing nonce: PRwBu2HXAwYBCSq_avim3MxoZ6h_h-Q7WiCkIHTxtH_yVP1kwZg
2026-08-14 18:28:52,980:DEBUG:acme.client:JWS payload:
b''
2026-08-14 18:28:52,981:DEBUG:acme.client:Sending POST request to https://acme-v02.api.letsencrypt.org/acme/cert/06d67591070c5e41d6ca0d06dbc2cbd09ffa:
{
  "protected": "eyJhbGciOiAiUlMyNTYiLCAia2lkIjogImh0dHBzOi8vYWNtZS12MDIuYXBpLmxldHNlbmNyeXB0Lm9yZy9hY21lL2FjY3QvMzYzMTc0NjMyMSIsICJub25jZSI6ICJQUndCdTJIWEF3WUJDU3FfYXZpbTNNeG9aNmhfaC1RN1dpQ2tJSFR4dEhfeVZQMWt3WmciLCAidXJsIjogImh0dHBzOi8vYWNtZS12MDIuYXBpLmxldHNlbmNyeXB0Lm9yZy9hY21lL2NlcnQvMDZkNjc1OTEwNzBjNWU0MWQ2Y2EwZDA2ZGJjMmNiZDA5ZmZhIn0",
  "signature": "c51at-pzL-uaWec1_gTA0a54RzLg0e-ek9_AZEh6d4vwaS7geQACwJ4WA4a1XMBOybhHoFr1X8jzUjTUdUY9wJsfBGZPmwU0hZIY_SaE5dEW_SgqqxVr1VoFFFDLmL8rY25kFYQNgVlM53x4OvYumGCRFJNj96yjVblpu0k1-URGbVuAM5fvA4atsK34ikSgPNMbF2p6CU9-K-ijfGU7XMuR4DUq0d3hEb31LiK2bbxQvNQrTe79jheKAXKSD8ejnquwGx1v8U7rIg4QQhcvoHYtaqrVP7LvH3sE8eYvdW7fmARj9g5zQobxdTLqORFVxYLWf6kOWYyY0B2-HI2VmQ",
  "payload": ""
}
2026-08-14 18:28:53,214:DEBUG:acme.client:Received response:
HTTP 200
Server: nginx
Date: Fri, 14 Aug 2026 18:28:55 GMT
Content-Type: application/pem-certificate-chain
Content-Length: 4889
Connection: keep-alive
Cache-Control: public, max-age=0, no-cache
Link: <https://acme-v02.api.letsencrypt.org/directory>;rel="index", <https://acme-v02.api.letsencrypt.org/acme/cert/06d67591070c5e41d6ca0d06dbc2cbd09ffa/1>;rel="alternate", <https://acme-v02.api.letsencrypt.org/acme/cert/06d67591070c5e41d6ca0d06dbc2cbd09ffa/2>;rel="alternate"
Replay-Nonce: PRwBu2HXM3rM7QMlmXQHSCFgMvGpwBj0eL_ogExeLAv-uIwqORo
X-Frame-Options: DENY
Strict-Transport-Security: max-age=604800

-----BEGIN CERTIFICATE-----
MIIDwDCCA0egAwIBAgISBtZ1kQcMXkHWyg0G28LL0J/6MAoGCCqGSM49BAMDMDMx
CzAJBgNVBAYTAlVTMRYwFAYDVQQKEw1MZXQncyBFbmNyeXB0MQwwCgYDVQQDEwNZ
RTIwHhcNMjYwODE0MTczMDI0WhcNMjYxMTEyMTczMDIzWjAmMSQwIgYDVQQDExto
dWFuZ2xvbmctaG9uZXkuZHVja2Rucy5vcmcwdjAQBgcqhkjOPQIBBgUrgQQAIgNi
AARTX34+cjuNjC1/HOFyMEnEtZ4YAx3HhdbgTER5uE1JchQD4Hd7cJfXx01R1C/s
PrO94wZZJyrJwERQpyKAgC8Q85UqifmLTP46cZ9FjDFgTXTuZ4UODmR+Mp5uA9XR
M7mjggIpMIICJTAOBgNVHQ8BAf8EBAMCB4AwEwYDVR0lBAwwCgYIKwYBBQUHAwEw
DAYDVR0TAQH/BAIwADAdBgNVHQ4EFgQUh1Nls4hv88aptVK9IiI4XZ0WOzQwHwYD
VR0jBBgwFoAUuVnyjs8i8IbTN0j/dhQYuoLYVYcwMwYIKwYBBQUHAQEEJzAlMCMG
CCsGAQUFBzAChhdodHRwOi8veWUyLmkubGVuY3Iub3JnLzAmBgNVHREEHzAdghto
dWFuZ2xvbmctaG9uZXkuZHVja2Rucy5vcmcwEwYDVR0gBAwwCjAIBgZngQwBAgEw
LwYDVR0fBCgwJjAkoCKgIIYeaHR0cDovL3llMi5jLmxlbmNyLm9yZy8xMjMuY3Js
MIIBCwYKKwYBBAHWeQIEAgSB/ASB+QD3AHYAwjF+V0UZo0XufzjespBB68fCIVoi
v3/Vta12mtkOUs0AAAGgAYi+rAAABAMARzBFAiEA7xQIHT5LtR5ZrEcNCsTadSBU
+eJTlfRWVcklMKWiiZICIEc/ZiAOwa2xhmqVsp4wjc9IjfLZUcD/2s5aCwRqHIZt
AH0ARq+GPTs+5Z+ld96oJF02sNntIqIj9GF3QSKUUu6VUF8AAAGgAYi/CAAIAAAF
ABOZ/zQEAwBGMEQCIBlAj5DL4wvbHC681pdjBH3tc8Iv5cLHXX/KTcB1vXGWAiAC
cgdceLSrOvpmsaZzz8A9ZyX1wMmP8EME3iIx89XDZDAKBggqhkjOPQQDAwNnADBk
AjB1P1V7XhzGYgauPy7j7f9ASUn7oUEXwYwklYQgtinNau8seXAQEHyICAoO3zLP
1vwCMBniwp18LZtas4JW5Dio/UKnCQiI55pJu+bwlao+c1UpocRbIfpIQR34W80k
kSMLrQ==
-----END CERTIFICATE-----

-----BEGIN CERTIFICATE-----
MIICjDCCAhGgAwIBAgIQTfOxXdbAeExQfNN7WObxFTAKBggqhkjOPQQDAzAuMQsw
CQYDVQQGEwJVUzENMAsGA1UEChMESVNSRzEQMA4GA1UEAxMHUm9vdCBZRTAeFw0y
NTA5MDMwMDAwMDBaFw0yODA5MDIyMzU5NTlaMDMxCzAJBgNVBAYTAlVTMRYwFAYD
VQQKEw1MZXQncyBFbmNyeXB0MQwwCgYDVQQDEwNZRTIwdjAQBgcqhkjOPQIBBgUr
gQQAIgNiAARxmrQzkdbEEL3MqXt3dJQttYc47axkdDTHud5TPqM2z5uSD5cmk0Wr
HlWXvnlvqBLqiB34kluxIbmMyAiq3/YD6e80/vV259K8XQIdjFXloYOa0mIU71f7
HQ09PvYDlw+jge4wgeswDgYDVR0PAQH/BAQDAgGGMBMGA1UdJQQMMAoGCCsGAQUF
BwMBMBIGA1UdEwEB/wQIMAYBAf8CAQAwHQYDVR0OBBYEFLlZ8o7PIvCG0zdI/3YU
GLqC2FWHMB8GA1UdIwQYMBaAFKPIJlqOoUzQNWP8myPIOq5W809WMDIGCCsGAQUF
BwEBBCYwJDAiBggrBgEFBQcwAoYWaHR0cDovL3llLmkubGVuY3Iub3JnLzATBgNV
HSAEDDAKMAgGBmeBDAECATAnBgNVHR8EIDAeMBygGqAYhhZodHRwOi8veWUuYy5s
ZW5jci5vcmcvMAoGCCqGSM49BAMDA2kAMGYCMQDIcnw5dcZLN9ffynXnnkLD/itS
JEycJPb3sRkzeqBowup7vOsAwaqoCnNn/jh9wycCMQCJM6CPlaOC4pQYYbJtVPYb
DKrIb2EKk5NpOpE6/XttQYZV/3gilB9l+Cc/DOVwmyg=
-----END CERTIFICATE-----

-----BEGIN CERTIFICATE-----
MIICpjCCAiugAwIBAgIRAIchZfw0tuX7qK3Vs3BftTowCgYIKoZIzj0EAwMwTzEL
MAkGA1UEBhMCVVMxKTAnBgNVBAoTIEludGVybmV0IFNlY3VyaXR5IFJlc2VhcmNo
IEdyb3VwMRUwEwYDVQQDEwxJU1JHIFJvb3QgWDIwHhcNMjYwNTEzMDAwMDAwWhcN
MzIwOTAyMjM1OTU5WjAuMQswCQYDVQQGEwJVUzENMAsGA1UEChMESVNSRzEQMA4G
A1UEAxMHUm9vdCBZRTB2MBAGByqGSM49AgEGBSuBBAAiA2IABDwS/6vhrcVqcbBo
+wgdI3fwn9x7DNJJOY/lTOti0vkwuRN87RhEhTH17E7XyFjWsPYhIPt/wzOqxTd2
b+4ZJNy9ID04YywF9U5zasDVyGSNErVNtz8uSGh5izW87j77GaOB6zCB6DAOBgNV
HQ8BAf8EBAMCAQYwEwYDVR0lBAwwCgYIKwYBBQUHAwEwDwYDVR0TAQH/BAUwAwEB
/zAdBgNVHQ4EFgQUo8gmWo6hTNA1Y/ybI8g6rlbzT1YwHwYDVR0jBBgwFoAUfEKW
rt5LSDv6kviejM9ti6lyN5UwMgYIKwYBBQUHAQEEJjAkMCIGCCsGAQUFBzAChhZo
dHRwOi8veDIuaS5sZW5jci5vcmcvMBMGA1UdIAQMMAowCAYGZ4EMAQIBMCcGA1Ud
HwQgMB4wHKAaoBiGFmh0dHA6Ly94Mi5jLmxlbmNyLm9yZy8wCgYIKoZIzj0EAwMD
aQAwZgIxAMU19WCtmxVND8UHBZRoma49Z7jPs64Dma0eTu1OChVbB/2J7GV3nvYK
Ax54uk1G9QIxAO0miLVJu8PLNiXXXkiE/gsK3CTRTF/aeo4bMX42Zw40csRU6AC2
6hSW1/IWaas6dg==
-----END CERTIFICATE-----

-----BEGIN CERTIFICATE-----
MIIEcDCCAligAwIBAgIQbI8dxyfHEX97r4U6yYD5zTANBgkqhkiG9w0BAQsFADBP
MQswCQYDVQQGEwJVUzEpMCcGA1UEChMgSW50ZXJuZXQgU2VjdXJpdHkgUmVzZWFy
Y2ggR3JvdXAxFTATBgNVBAMTDElTUkcgUm9vdCBYMTAeFw0yNjA1MTMwMDAwMDBa
Fw0zMjA5MDIyMzU5NTlaME8xCzAJBgNVBAYTAlVTMSkwJwYDVQQKEyBJbnRlcm5l
dCBTZWN1cml0eSBSZXNlYXJjaCBHcm91cDEVMBMGA1UEAxMMSVNSRyBSb290IFgy
MHYwEAYHKoZIzj0CAQYFK4EEACIDYgAEzZvVn4CDCuwJSvMWSj5cz3es3mcFDR0H
ttwW+1qLFNvicWDEukWVEYmO6gbf9yoWHKS5xcUy4APgHoIYOIvXRdgKam7mAHf7
AlF9ItgKbppbd9/w+kHsOdx1ymgHDB/qo4H1MIHyMA4GA1UdDwEB/wQEAwIBBjAd
BgNVHSUEFjAUBggrBgEFBQcDAQYIKwYBBQUHAwIwDwYDVR0TAQH/BAUwAwEB/zAd
BgNVHQ4EFgQUfEKWrt5LSDv6kviejM9ti6lyN5UwHwYDVR0jBBgwFoAUebRZ5nu2
5eQBc4AIiMgaWPbpm24wMgYIKwYBBQUHAQEEJjAkMCIGCCsGAQUFBzAChhZodHRw
Oi8veDEuaS5sZW5jci5vcmcvMBMGA1UdIAQMMAowCAYGZ4EMAQIBMCcGA1UdHwQg
MB4wHKAaoBiGFmh0dHA6Ly94MS5jLmxlbmNyLm9yZy8wDQYJKoZIhvcNAQELBQAD
ggIBAD2/e9frmMxNpCV03qUHegg+MV2wz9644YoXdqtH8RyWYcBO7xfjjGEXdU1e
/o0OkEFiynUCOSIk/vLLo7ttz6CPAeNlWfC0XNkoGeWgK6jjXvozBaGuGH5n0Ufo
shMeWTuURqNN5G00sSXDTBrpp2+mgvdZQjb8K11TYMA25QA+YHNfbIEL0BniAhKS
2gsnJjSzrdZLI+EZ7SEyqdR2rkjd1KutLDU+n3TFyxjniZVGur4YlhMP3mY/dV95
IruAkkjOZier6hGBdEgZXXvaCz9u9iVEadsIE75pAGL8oHV5vxdARDiotRpul1IN
/UZwzAbrfUFcw1HkAcYD/mlZfnQ2ieCF2MS7j3Vhv7JPDKp45fmykmzYNSrumRW0
upFFKDBOoF7hsOb7oLyHS+Uft6jOUfOrogj8YUx38hKb2K20r42OgsSdDdxdeYWc
MS3Sb6mwJeSZEYxJ2gaXnDSPaKhhrNkYwljyVQyr4Nq+MEJytXNTnHqaAcrNwZlV
pcJL1KBnMrMjP7eanvUwL3FYj3cF17jtboLt7gLoi4+2rWZFvn+w54jmd/FIuhhZ
cEaU/wvU6BUNMtcVquVGHp7itQeDth5j+XL3j4WJ2SABwzUl6OeYdgpIt/ITZa+p
TT0mQ/r5XyA4MEAiabn7XJjvCERlF2dcn2wqJw+CreTkkQ2R
-----END CERTIFICATE-----

2026-08-14 18:28:53,214:DEBUG:acme.client:Storing nonce: PRwBu2HXM3rM7QMlmXQHSCFgMvGpwBj0eL_ogExeLAv-uIwqORo
2026-08-14 18:28:53,215:DEBUG:acme.client:JWS payload:
b''
2026-08-14 18:28:53,216:DEBUG:acme.client:Sending POST request to https://acme-v02.api.letsencrypt.org/acme/cert/06d67591070c5e41d6ca0d06dbc2cbd09ffa/1:
{
  "protected": "eyJhbGciOiAiUlMyNTYiLCAia2lkIjogImh0dHBzOi8vYWNtZS12MDIuYXBpLmxldHNlbmNyeXB0Lm9yZy9hY21lL2FjY3QvMzYzMTc0NjMyMSIsICJub25jZSI6ICJQUndCdTJIWE0zck03UU1sbVhRSFNDRmdNdkdwd0JqMGVMX29nRXhlTEF2LXVJd3FPUm8iLCAidXJsIjogImh0dHBzOi8vYWNtZS12MDIuYXBpLmxldHNlbmNyeXB0Lm9yZy9hY21lL2NlcnQvMDZkNjc1OTEwNzBjNWU0MWQ2Y2EwZDA2ZGJjMmNiZDA5ZmZhLzEifQ",
  "signature": "IZaFTnrLzMqCXRUlVuI4X8UiIPHzoEy2NiUGIvmxZwqFeX-PbvVtPYAuKymiMUn6nZDRI5u4nFn06DN2oKLR8B1dPJ-IgbyXmdhvAwZjOrfgXqAGEVAzk_8gxhUtK-gLasLQ97aETAIDikxDtRpk6ij5_fTBpu7jamCdr5EYeuO4yMxJU4RqDdN8lCt2iw1qk_x256TgtzQfDAJZOsc0y6y2PbG9CNM_j1CaeLdCc3eRYlOR8Aq5tQ106pHFrt8EiEo5j1ob2e2DBBslKGn9DM3ZSE-QuYF_AoXVavhv99yjikoTMSnpRO4pOu1RkU2Ef6TaXBm137Uvge8lD98r3w",
  "payload": ""
}
2026-08-14 18:28:53,490:DEBUG:acme.client:Received response:
HTTP 200
Server: nginx
Date: Fri, 14 Aug 2026 18:28:56 GMT
Content-Type: application/pem-certificate-chain
Content-Length: 3290
Connection: keep-alive
Cache-Control: public, max-age=0, no-cache
Link: <https://acme-v02.api.letsencrypt.org/directory>;rel="index", <https://acme-v02.api.letsencrypt.org/acme/cert/06d67591070c5e41d6ca0d06dbc2cbd09ffa/0>;rel="alternate", <https://acme-v02.api.letsencrypt.org/acme/cert/06d67591070c5e41d6ca0d06dbc2cbd09ffa/2>;rel="alternate"
Replay-Nonce: PRwBu2HXTWeEJnk5_lIiScNpZeZtGWvW-OIP_nMhKPArbEWMkwU
X-Frame-Options: DENY
Strict-Transport-Security: max-age=604800

-----BEGIN CERTIFICATE-----
MIIDwDCCA0egAwIBAgISBtZ1kQcMXkHWyg0G28LL0J/6MAoGCCqGSM49BAMDMDMx
CzAJBgNVBAYTAlVTMRYwFAYDVQQKEw1MZXQncyBFbmNyeXB0MQwwCgYDVQQDEwNZ
RTIwHhcNMjYwODE0MTczMDI0WhcNMjYxMTEyMTczMDIzWjAmMSQwIgYDVQQDExto
dWFuZ2xvbmctaG9uZXkuZHVja2Rucy5vcmcwdjAQBgcqhkjOPQIBBgUrgQQAIgNi
AARTX34+cjuNjC1/HOFyMEnEtZ4YAx3HhdbgTER5uE1JchQD4Hd7cJfXx01R1C/s
PrO94wZZJyrJwERQpyKAgC8Q85UqifmLTP46cZ9FjDFgTXTuZ4UODmR+Mp5uA9XR
M7mjggIpMIICJTAOBgNVHQ8BAf8EBAMCB4AwEwYDVR0lBAwwCgYIKwYBBQUHAwEw
DAYDVR0TAQH/BAIwADAdBgNVHQ4EFgQUh1Nls4hv88aptVK9IiI4XZ0WOzQwHwYD
VR0jBBgwFoAUuVnyjs8i8IbTN0j/dhQYuoLYVYcwMwYIKwYBBQUHAQEEJzAlMCMG
CCsGAQUFBzAChhdodHRwOi8veWUyLmkubGVuY3Iub3JnLzAmBgNVHREEHzAdghto
dWFuZ2xvbmctaG9uZXkuZHVja2Rucy5vcmcwEwYDVR0gBAwwCjAIBgZngQwBAgEw
LwYDVR0fBCgwJjAkoCKgIIYeaHR0cDovL3llMi5jLmxlbmNyLm9yZy8xMjMuY3Js
MIIBCwYKKwYBBAHWeQIEAgSB/ASB+QD3AHYAwjF+V0UZo0XufzjespBB68fCIVoi
v3/Vta12mtkOUs0AAAGgAYi+rAAABAMARzBFAiEA7xQIHT5LtR5ZrEcNCsTadSBU
+eJTlfRWVcklMKWiiZICIEc/ZiAOwa2xhmqVsp4wjc9IjfLZUcD/2s5aCwRqHIZt
AH0ARq+GPTs+5Z+ld96oJF02sNntIqIj9GF3QSKUUu6VUF8AAAGgAYi/CAAIAAAF
ABOZ/zQEAwBGMEQCIBlAj5DL4wvbHC681pdjBH3tc8Iv5cLHXX/KTcB1vXGWAiAC
cgdceLSrOvpmsaZzz8A9ZyX1wMmP8EME3iIx89XDZDAKBggqhkjOPQQDAwNnADBk
AjB1P1V7XhzGYgauPy7j7f9ASUn7oUEXwYwklYQgtinNau8seXAQEHyICAoO3zLP
1vwCMBniwp18LZtas4JW5Dio/UKnCQiI55pJu+bwlao+c1UpocRbIfpIQR34W80k
kSMLrQ==
-----END CERTIFICATE-----

-----BEGIN CERTIFICATE-----
MIICjDCCAhGgAwIBAgIQTfOxXdbAeExQfNN7WObxFTAKBggqhkjOPQQDAzAuMQsw
CQYDVQQGEwJVUzENMAsGA1UEChMESVNSRzEQMA4GA1UEAxMHUm9vdCBZRTAeFw0y
NTA5MDMwMDAwMDBaFw0yODA5MDIyMzU5NTlaMDMxCzAJBgNVBAYTAlVTMRYwFAYD
VQQKEw1MZXQncyBFbmNyeXB0MQwwCgYDVQQDEwNZRTIwdjAQBgcqhkjOPQIBBgUr
gQQAIgNiAARxmrQzkdbEEL3MqXt3dJQttYc47axkdDTHud5TPqM2z5uSD5cmk0Wr
HlWXvnlvqBLqiB34kluxIbmMyAiq3/YD6e80/vV259K8XQIdjFXloYOa0mIU71f7
HQ09PvYDlw+jge4wgeswDgYDVR0PAQH/BAQDAgGGMBMGA1UdJQQMMAoGCCsGAQUF
BwMBMBIGA1UdEwEB/wQIMAYBAf8CAQAwHQYDVR0OBBYEFLlZ8o7PIvCG0zdI/3YU
GLqC2FWHMB8GA1UdIwQYMBaAFKPIJlqOoUzQNWP8myPIOq5W809WMDIGCCsGAQUF
BwEBBCYwJDAiBggrBgEFBQcwAoYWaHR0cDovL3llLmkubGVuY3Iub3JnLzATBgNV
HSAEDDAKMAgGBmeBDAECATAnBgNVHR8EIDAeMBygGqAYhhZodHRwOi8veWUuYy5s
ZW5jci5vcmcvMAoGCCqGSM49BAMDA2kAMGYCMQDIcnw5dcZLN9ffynXnnkLD/itS
JEycJPb3sRkzeqBowup7vOsAwaqoCnNn/jh9wycCMQCJM6CPlaOC4pQYYbJtVPYb
DKrIb2EKk5NpOpE6/XttQYZV/3gilB9l+Cc/DOVwmyg=
-----END CERTIFICATE-----

-----BEGIN CERTIFICATE-----
MIICpjCCAiugAwIBAgIRAIchZfw0tuX7qK3Vs3BftTowCgYIKoZIzj0EAwMwTzEL
MAkGA1UEBhMCVVMxKTAnBgNVBAoTIEludGVybmV0IFNlY3VyaXR5IFJlc2VhcmNo
IEdyb3VwMRUwEwYDVQQDEwxJU1JHIFJvb3QgWDIwHhcNMjYwNTEzMDAwMDAwWhcN
MzIwOTAyMjM1OTU5WjAuMQswCQYDVQQGEwJVUzENMAsGA1UEChMESVNSRzEQMA4G
A1UEAxMHUm9vdCBZRTB2MBAGByqGSM49AgEGBSuBBAAiA2IABDwS/6vhrcVqcbBo
+wgdI3fwn9x7DNJJOY/lTOti0vkwuRN87RhEhTH17E7XyFjWsPYhIPt/wzOqxTd2
b+4ZJNy9ID04YywF9U5zasDVyGSNErVNtz8uSGh5izW87j77GaOB6zCB6DAOBgNV
HQ8BAf8EBAMCAQYwEwYDVR0lBAwwCgYIKwYBBQUHAwEwDwYDVR0TAQH/BAUwAwEB
/zAdBgNVHQ4EFgQUo8gmWo6hTNA1Y/ybI8g6rlbzT1YwHwYDVR0jBBgwFoAUfEKW
rt5LSDv6kviejM9ti6lyN5UwMgYIKwYBBQUHAQEEJjAkMCIGCCsGAQUFBzAChhZo
dHRwOi8veDIuaS5sZW5jci5vcmcvMBMGA1UdIAQMMAowCAYGZ4EMAQIBMCcGA1Ud
HwQgMB4wHKAaoBiGFmh0dHA6Ly94Mi5jLmxlbmNyLm9yZy8wCgYIKoZIzj0EAwMD
aQAwZgIxAMU19WCtmxVND8UHBZRoma49Z7jPs64Dma0eTu1OChVbB/2J7GV3nvYK
Ax54uk1G9QIxAO0miLVJu8PLNiXXXkiE/gsK3CTRTF/aeo4bMX42Zw40csRU6AC2
6hSW1/IWaas6dg==
-----END CERTIFICATE-----

2026-08-14 18:28:53,490:DEBUG:acme.client:Storing nonce: PRwBu2HXTWeEJnk5_lIiScNpZeZtGWvW-OIP_nMhKPArbEWMkwU
2026-08-14 18:28:53,491:DEBUG:acme.client:JWS payload:
b''
2026-08-14 18:28:53,492:DEBUG:acme.client:Sending POST request to https://acme-v02.api.letsencrypt.org/acme/cert/06d67591070c5e41d6ca0d06dbc2cbd09ffa/2:
{
  "protected": "eyJhbGciOiAiUlMyNTYiLCAia2lkIjogImh0dHBzOi8vYWNtZS12MDIuYXBpLmxldHNlbmNyeXB0Lm9yZy9hY21lL2FjY3QvMzYzMTc0NjMyMSIsICJub25jZSI6ICJQUndCdTJIWFRXZUVKbms1X2xJaVNjTnBaZVp0R1d2Vy1PSVBfbk1oS1BBcmJFV01rd1UiLCAidXJsIjogImh0dHBzOi8vYWNtZS12MDIuYXBpLmxldHNlbmNyeXB0Lm9yZy9hY21lL2NlcnQvMDZkNjc1OTEwNzBjNWU0MWQ2Y2EwZDA2ZGJjMmNiZDA5ZmZhLzIifQ",
  "signature": "N4hjv3ZBVcJ1E7la0UEMxN06nmdQ9SaK7Z_q9grMlI7C6GQ00A2rTNrO3CNqd_sBTsAOVXPIIWWSdsYTmQlz1IUjLX-KUBivJXp2Sr4OmEK8FvAvDzvC4kdHTfJBctWaLHTD7Z74WaxkeSh3uOZfCCPbp-cKbZ8fIEZ86NIP6K1pPl0GeWFQGpyH6jlH6MYTak3z7euYMR_JW0t6peqqW6068gNY18OIRifCgM17-IEDuLqRuXbIv2GW4MwwHr1-15R7RsNR63rtPYFV_JkjwtR5lJmGD9juW6UNpYKfAxi_-JDKw3gqdEsvTPjoLWKuGHdsRAcBE7y0-GuOkfoGRQ",
  "payload": ""
}
2026-08-14 18:28:53,739:DEBUG:acme.client:Received response:
HTTP 200
Server: nginx
Date: Fri, 14 Aug 2026 18:28:56 GMT
Content-Type: application/pem-certificate-chain
Content-Length: 2308
Connection: keep-alive
Cache-Control: public, max-age=0, no-cache
Link: <https://acme-v02.api.letsencrypt.org/directory>;rel="index", <https://acme-v02.api.letsencrypt.org/acme/cert/06d67591070c5e41d6ca0d06dbc2cbd09ffa/0>;rel="alternate", <https://acme-v02.api.letsencrypt.org/acme/cert/06d67591070c5e41d6ca0d06dbc2cbd09ffa/1>;rel="alternate"
Replay-Nonce: PRwBu2HXWRj8oGkgN37_JD_1tTl5n6Zf_EbccZBv0s3B5BUW-DI
X-Frame-Options: DENY
Strict-Transport-Security: max-age=604800

-----BEGIN CERTIFICATE-----
MIIDwDCCA0egAwIBAgISBtZ1kQcMXkHWyg0G28LL0J/6MAoGCCqGSM49BAMDMDMx
CzAJBgNVBAYTAlVTMRYwFAYDVQQKEw1MZXQncyBFbmNyeXB0MQwwCgYDVQQDEwNZ
RTIwHhcNMjYwODE0MTczMDI0WhcNMjYxMTEyMTczMDIzWjAmMSQwIgYDVQQDExto
dWFuZ2xvbmctaG9uZXkuZHVja2Rucy5vcmcwdjAQBgcqhkjOPQIBBgUrgQQAIgNi
AARTX34+cjuNjC1/HOFyMEnEtZ4YAx3HhdbgTER5uE1JchQD4Hd7cJfXx01R1C/s
PrO94wZZJyrJwERQpyKAgC8Q85UqifmLTP46cZ9FjDFgTXTuZ4UODmR+Mp5uA9XR
M7mjggIpMIICJTAOBgNVHQ8BAf8EBAMCB4AwEwYDVR0lBAwwCgYIKwYBBQUHAwEw
DAYDVR0TAQH/BAIwADAdBgNVHQ4EFgQUh1Nls4hv88aptVK9IiI4XZ0WOzQwHwYD
VR0jBBgwFoAUuVnyjs8i8IbTN0j/dhQYuoLYVYcwMwYIKwYBBQUHAQEEJzAlMCMG
CCsGAQUFBzAChhdodHRwOi8veWUyLmkubGVuY3Iub3JnLzAmBgNVHREEHzAdghto
dWFuZ2xvbmctaG9uZXkuZHVja2Rucy5vcmcwEwYDVR0gBAwwCjAIBgZngQwBAgEw
LwYDVR0fBCgwJjAkoCKgIIYeaHR0cDovL3llMi5jLmxlbmNyLm9yZy8xMjMuY3Js
MIIBCwYKKwYBBAHWeQIEAgSB/ASB+QD3AHYAwjF+V0UZo0XufzjespBB68fCIVoi
v3/Vta12mtkOUs0AAAGgAYi+rAAABAMARzBFAiEA7xQIHT5LtR5ZrEcNCsTadSBU
+eJTlfRWVcklMKWiiZICIEc/ZiAOwa2xhmqVsp4wjc9IjfLZUcD/2s5aCwRqHIZt
AH0ARq+GPTs+5Z+ld96oJF02sNntIqIj9GF3QSKUUu6VUF8AAAGgAYi/CAAIAAAF
ABOZ/zQEAwBGMEQCIBlAj5DL4wvbHC681pdjBH3tc8Iv5cLHXX/KTcB1vXGWAiAC
cgdceLSrOvpmsaZzz8A9ZyX1wMmP8EME3iIx89XDZDAKBggqhkjOPQQDAwNnADBk
AjB1P1V7XhzGYgauPy7j7f9ASUn7oUEXwYwklYQgtinNau8seXAQEHyICAoO3zLP
1vwCMBniwp18LZtas4JW5Dio/UKnCQiI55pJu+bwlao+c1UpocRbIfpIQR34W80k
kSMLrQ==
-----END CERTIFICATE-----

-----BEGIN CERTIFICATE-----
MIICjDCCAhGgAwIBAgIQTfOxXdbAeExQfNN7WObxFTAKBggqhkjOPQQDAzAuMQsw
CQYDVQQGEwJVUzENMAsGA1UEChMESVNSRzEQMA4GA1UEAxMHUm9vdCBZRTAeFw0y
NTA5MDMwMDAwMDBaFw0yODA5MDIyMzU5NTlaMDMxCzAJBgNVBAYTAlVTMRYwFAYD
VQQKEw1MZXQncyBFbmNyeXB0MQwwCgYDVQQDEwNZRTIwdjAQBgcqhkjOPQIBBgUr
gQQAIgNiAARxmrQzkdbEEL3MqXt3dJQttYc47axkdDTHud5TPqM2z5uSD5cmk0Wr
HlWXvnlvqBLqiB34kluxIbmMyAiq3/YD6e80/vV259K8XQIdjFXloYOa0mIU71f7
HQ09PvYDlw+jge4wgeswDgYDVR0PAQH/BAQDAgGGMBMGA1UdJQQMMAoGCCsGAQUF
BwMBMBIGA1UdEwEB/wQIMAYBAf8CAQAwHQYDVR0OBBYEFLlZ8o7PIvCG0zdI/3YU
GLqC2FWHMB8GA1UdIwQYMBaAFKPIJlqOoUzQNWP8myPIOq5W809WMDIGCCsGAQUF
BwEBBCYwJDAiBggrBgEFBQcwAoYWaHR0cDovL3llLmkubGVuY3Iub3JnLzATBgNV
HSAEDDAKMAgGBmeBDAECATAnBgNVHR8EIDAeMBygGqAYhhZodHRwOi8veWUuYy5s
ZW5jci5vcmcvMAoGCCqGSM49BAMDA2kAMGYCMQDIcnw5dcZLN9ffynXnnkLD/itS
JEycJPb3sRkzeqBowup7vOsAwaqoCnNn/jh9wycCMQCJM6CPlaOC4pQYYbJtVPYb
DKrIb2EKk5NpOpE6/XttQYZV/3gilB9l+Cc/DOVwmyg=
-----END CERTIFICATE-----

2026-08-14 18:28:53,740:DEBUG:acme.client:Storing nonce: PRwBu2HXWRj8oGkgN37_JD_1tTl5n6Zf_EbccZBv0s3B5BUW-DI
2026-08-14 18:28:53,741:INFO:certbot._internal.client:Non-standard path(s), might not work with crontab installed by your operating system package manager
2026-08-14 18:28:53,765:DEBUG:certbot._internal.storage:Creating directory /etc/letsencrypt/archive/npm-7.
2026-08-14 18:28:53,782:DEBUG:certbot._internal.storage:Creating directory /etc/letsencrypt/live/npm-7.
2026-08-14 18:28:53,787:DEBUG:certbot._internal.log:Exiting abnormally:
Traceback (most recent call last):
  File "/opt/certbot/bin/certbot", line 6, in <module>
    sys.exit(main())
             ~~~~^^
  File "/opt/certbot/lib/python3.13/site-packages/certbot/main.py", line 18, in main
    return internal_main.main(cli_args)
           ~~~~~~~~~~~~~~~~~~^^^^^^^^^^
  File "/opt/certbot/lib/python3.13/site-packages/certbot/_internal/main.py", line 1886, in main
    return config.func(config, plugins)
           ~~~~~~~~~~~^^^^^^^^^^^^^^^^^
  File "/opt/certbot/lib/python3.13/site-packages/certbot/_internal/main.py", line 1598, in certonly
    lineage = _get_and_save_cert(le_client, config, sans, certname, lineage)
  File "/opt/certbot/lib/python3.13/site-packages/certbot/_internal/main.py", line 143, in _get_and_save_cert
    lineage = le_client.obtain_and_enroll_certificate(sans, certname)
  File "/opt/certbot/lib/python3.13/site-packages/certbot/_internal/client.py", line 544, in obtain_and_enroll_certificate
    return storage.RenewableCert.new_lineage(
           ~~~~~~~~~~~~~~~~~~~~~~~~~~~~~~~~~^
        new_name, cert,
        ^^^^^^^^^^^^^^^
        key.pem, chain,
        ^^^^^^^^^^^^^^^
        self.config)
        ^^^^^^^^^^^^
  File "/opt/certbot/lib/python3.13/site-packages/certbot/_internal/storage.py", line 1069, in new_lineage
    os.symlink(_relpath_from_file(archive_target[kind], target[kind]), target[kind])
    ~~~~~~~~~~^^^^^^^^^^^^^^^^^^^^^^^^^^^^^^^^^^^^^^^^^^^^^^^^^^^^^^^^^^^^^^^^^^^^^^
PermissionError: [Errno 1] Operation not permitted: '../../archive/npm-7/cert1.pem' -> '/etc/letsencrypt/live/npm-7/cert.pem'
2026-08-14 18:28:53,789:ERROR:certbot._internal.log:An unexpected error occurred:
2026-08-14 18:28:53,789:ERROR:certbot._internal.log:PermissionError: [Errno 1] Operation not permitted: '../../archive/npm-7/cert1.pem' -> '/etc/letsencrypt/live/npm-7/cert.pem'
